(int32)-2147483648ll;
DummyClass(2, 1): error:
	'Long' literal constant requires 'l' sufix
DummyClass(3, 1): error:
	'Long' literal constant requires 'l' sufix
DummyClass(4, 1): error:
	'Long' literal constant requires 'l' sufix
