65535u;
DummyClass(2, 1): error:
	'Word' literal constant too big
