'\t';
'\n';
'\r';
'\a';
'\b';
'\v';
'\'';
'\0';
'\\';
