0;
0;
-1;
1;
-100;
100;
-127;
127;
-128;
DummyClass(10, 1): error:
	'Small' literal constant too big
DummyClass(11, 1): error:
	'Small' literal constant too big
DummyClass(12, 1): error:
	'Small' literal constant too big
