int8 a = 0;
int8 b = 0;
int8 c = -1;
int8 d = 1;
int8 e = -100;
int8 f = 100;
int8 g = -127;
int8 h = 127;
int8 i = -128;
DummyClass(10, 14): error:
	can't assign 'Int' instance to 'Small' instance
DummyClass(11, 14): error:
	can't assign 'Int' instance to 'Small' instance
DummyClass(12, 14): error:
	can't assign 'Int' instance to 'Small' instance
