70u >> 4;
70u >> 4u;
70u >> 4;
70u >> 4u;
70u >> 4;
70u >> 4u;
70u >> 4ll;
70u >> 4ull;
70u >> 4u;
DummyClass(1, 6): error:
	can't apply operator '>>' on types: 
		'Byte' and 
		'Bool'
DummyClass(2, 6): error:
	can't apply operator '>>' on types: 
		'Byte' and 
		'Bool'
DummyClass(11, 6): error:
	can't apply operator '>>' on types: 
		'Byte' and 
		'Float'
DummyClass(12, 6): error:
	can't apply operator '>>' on types: 
		'Byte' and 
		'Double'
DummyClass(13, 6): error:
	can't apply operator '>>' on types: 
		'Byte' and 
		'Char'
