(uint8)(1) >> 1;
(uint8)(2) >> 1;
(uint8)(4) >> 1;
(uint8)(8) >> 1;
(uint8)(16) >> 1;
(uint8)(32) >> 1;
(uint8)(64) >> 1;
(uint8)(128) >> 1;
(uint8)(-1) >> 1;
(uint8)(-2) >> 1;
(uint8)(-4) >> 1;
(uint8)(-8) >> 1;
(uint8)(-16) >> 1;
(uint8)(-32) >> 1;
(uint8)(-64) >> 1;
(uint8)(-128) >> 1;
