70 << 4;
70 << 4u;
70 << 4;
70 << 4u;
70 << 4;
70 << 4u;
70 << 4ll;
70 << 4ull;
70 << 4u;
DummyClass(1, 4): error:
	can't apply operator '<<' on types: 
		'Int' and 
		'Bool'
DummyClass(2, 4): error:
	can't apply operator '<<' on types: 
		'Int' and 
		'Bool'
DummyClass(11, 4): error:
	can't apply operator '<<' on types: 
		'Int' and 
		'Float'
DummyClass(12, 4): error:
	can't apply operator '<<' on types: 
		'Int' and 
		'Double'
DummyClass(13, 4): error:
	can't apply operator '<<' on types: 
		'Int' and 
		'Char'
