(uint16)(1u) >> 1;
(uint16)(2u) >> 1;
(uint16)(4u) >> 1;
(uint16)(8u) >> 1;
(uint16)(16u) >> 1;
(uint16)(32u) >> 1;
(uint16)(64u) >> 1;
(uint16)(128u) >> 1;
(uint16)(256u) >> 1;
(uint16)(512u) >> 1;
(uint16)(1024u) >> 1;
(uint16)(2048u) >> 1;
(uint16)(4096u) >> 1;
(uint16)(8192u) >> 1;
(uint16)(16384u) >> 1;
(uint16)(32768u) >> 1;
