(int16)(1) << 1;
(int16)(2) << 1;
(int16)(4) << 1;
(int16)(8) << 1;
(int16)(16) << 1;
(int16)(32) << 1;
(int16)(64) << 1;
(int16)(128) << 1;
(int16)(256) << 1;
(int16)(512) << 1;
(int16)(1024) << 1;
(int16)(2048) << 1;
(int16)(4096) << 1;
(int16)(8192) << 1;
(int16)(16384) << 1;
(int16)(32768) << 1;
(int16)(-1) << 1;
(int16)(-2) << 1;
(int16)(-4) << 1;
(int16)(-8) << 1;
(int16)(-16) << 1;
(int16)(-32) << 1;
(int16)(-64) << 1;
(int16)(-128) << 1;
(int16)(-256) << 1;
(int16)(-512) << 1;
(int16)(-1024) << 1;
(int16)(-2048) << 1;
(int16)(-4096) << 1;
(int16)(-8192) << 1;
(int16)(-16384) << 1;
(int16)(-32768) << 1;
