{
	int8 a = 0 + false;
}
{
	int8 a = 0 + 0;
}
{
	uint8 a = 0 + 0u;
}
{
	int16 a = 0 + 0;
}
{
	uint16 a = 0 + 0u;
}
{
	int32 a = 0 + 0;
}
{
	uint32 a = 0 + 0u;
}
{
	int64 a = 0 + 0ll;
}
{
	uint64 a = 0 + 0ull;
}
{
	float a = 0 + 0.0f;
}
{
	double a = 0 + 0.0;
}
{
	uint32 a = 0 + '\0';
}
{
	size_t a = 0 + 0u;
}
