{
	uint32 a = (uint32)(1) + (bool)(2);
}
{
	uint32 a = (uint32)(1) + (int8)(2);
}
{
	uint32 a = (uint32)(1) + (uint8)(2);
}
{
	uint32 a = (uint32)(1) + (int16)(2);
}
{
	uint32 a = (uint32)(1) + (uint16)(2);
}
{
	uint32 a = (uint32)(1) + (int32)(2);
}
{
	uint32 a = (uint32)(1) + (uint32)(2);
}
{
	int64 a = (uint32)(1) + (int64)(2);
}
{
	uint64 a = (uint32)(1) + (uint64)(2);
}
{
	float a = (uint32)(1) + (float)(2);
}
{
	double a = (uint32)(1) + (double)(2);
}
{
	uint32 a = (uint32)(1) + (uint32)(2);
}
{
	size_t a = (uint32)(1) + (size_t)(2);
}
