(uint16)(1) << 1;
(uint16)(2) << 1;
(uint16)(4) << 1;
(uint16)(8) << 1;
(uint16)(16) << 1;
(uint16)(32) << 1;
(uint16)(64) << 1;
(uint16)(128) << 1;
(uint16)(256) << 1;
(uint16)(512) << 1;
(uint16)(1024) << 1;
(uint16)(2048) << 1;
(uint16)(4096) << 1;
(uint16)(8192) << 1;
(uint16)(16384) << 1;
(uint16)(32768) << 1;
