-100 == (bool)(-100);
-100 == -100;
-100 == 156u;
-100 == -100;
-100 == 65436u;
-100 == -100;
-100 == 4294967196u;
-100 == -100ll;
-100 == 18446744073709551516ull;
-100 == -100.0f;
-100 == -100.0;
-100 == 4294967196u;
