70 >> 4;
70 >> 4u;
70 >> 4;
70 >> 4u;
70 >> 4;
70 >> 4u;
70 >> 4ll;
70 >> 4ull;
70 >> 4u;
DummyClass(1, 7): error:
	can't apply operator '>>' on types: 
		'Short' and 
		'Bool'
DummyClass(2, 7): error:
	can't apply operator '>>' on types: 
		'Short' and 
		'Bool'
DummyClass(11, 7): error:
	can't apply operator '>>' on types: 
		'Short' and 
		'Float'
DummyClass(12, 7): error:
	can't apply operator '>>' on types: 
		'Short' and 
		'Double'
DummyClass(13, 7): error:
	can't apply operator '>>' on types: 
		'Short' and 
		'Char'
