int8 a1 = 0;
int8 a2 = -1;
int8 a3 = 1;
int8 a4 = -100;
int8 a5 = 100;
int8 a6 = -127;
int8 a7 = 127;
int8 a8 = -128;
