int8 a = -128;
DummyClass(2, 9): error:
	'Small' literal constant too big
DummyClass(3, 9): error:
	'Small' literal constant too big
DummyClass(4, 8): error:
	'Small' literal constant too big
