int8 a = 0x00;
int8 b = 0x00;
int8 c = -0x01;
int8 d = 0x01;
int8 e = -0x64;
int8 f = 0x64;
int8 g = -0x7F;
int8 h = 0x7F;
int8 i = -0x80;
DummyClass(10, 9): error:
	'Small' literal constant too big
DummyClass(11, 9): error:
	'Small' literal constant too big
DummyClass(12, 9): error:
	'Small' literal constant too big
