int8 a = 0000;
int8 b = 0000;
int8 c = -0001;
int8 d = 0001;
int8 e = -0144;
int8 f = 0144;
int8 g = -0177;
int8 h = 0177;
int8 i = -0200;
DummyClass(10, 9): error:
	'Small' literal constant too big
DummyClass(11, 9): error:
	'Small' literal constant too big
DummyClass(12, 9): error:
	'Small' literal constant too big
