int16 a = -32768;
DummyClass(2, 9): error:
	'Short' literal constant too big
DummyClass(3, 9): error:
	'Short' literal constant too big
DummyClass(4, 9): error:
	'Short' literal constant too big
