int32 d1 = 0;
int32 d2 = -1;
int32 d3 = 1;
int32 d4 = -100;
int32 d5 = 100;
int32 d6 = -127;
int32 d7 = 127;
int32 d8 = -128;
int32 d9 = 128;
int32 d10 = -32767;
int32 d11 = 32767;
int32 d12 = -32768;
int32 d13 = 32768;
int32 d14 = -2147483647;
int32 d15 = 2147483647;
int32 d16 = (int32)-2147483648ll;
