int32 a = (int32)-2147483648ll;
DummyClass(2, 9): error:
	'Long' literal constant requires 'l' sufix
DummyClass(3, 9): error:
	'Long' literal constant requires 'l' sufix
DummyClass(4, 9): error:
	'Long' literal constant requires 'l' sufix
