uint16 a = 65535u;
DummyClass(2, 9): error:
	'Word' literal constant too big
