uint32 a = 0u;
uint32 b = 65536u;
uint32 c = 4294967294u;
uint32 d = 4294967295u;
