uint32 a = 4294967295u;
DummyClass(2, 9): error:
	'QWord' literal constant requires 'ul' sufix
