1ull << 1;
2ull << 1;
4ull << 1;
8ull << 1;
16ull << 1;
32ull << 1;
64ull << 1;
128ull << 1;
256ull << 1;
512ull << 1;
1024ull << 1;
2048ull << 1;
4096ull << 1;
8192ull << 1;
16384ull << 1;
32768ull << 1;
65536ull << 1;
131072ull << 1;
262144ull << 1;
524288ull << 1;
1048576ull << 1;
2097152ull << 1;
4194304ull << 1;
8388608ull << 1;
16777216ull << 1;
33554432ull << 1;
67108864ull << 1;
134217728ull << 1;
268435456ull << 1;
536870912ull << 1;
1073741824ull << 1;
2147483648ull << 1;
4294967296ull << 1;
8589934592ull << 1;
17179869184ull << 1;
34359738368ull << 1;
68719476736ull << 1;
137438953472ull << 1;
274877906944ull << 1;
549755813888ull << 1;
1099511627776ull << 1;
2199023255552ull << 1;
4398046511104ull << 1;
8796093022208ull << 1;
17592186044416ull << 1;
35184372088832ull << 1;
70368744177664ull << 1;
140737488355328ull << 1;
281474976710656ull << 1;
562949953421312ull << 1;
1125899906842624ull << 1;
2251799813685248ull << 1;
4503599627370496ull << 1;
9007199254740992ull << 1;
18014398509481984ull << 1;
36028797018963968ull << 1;
72057594037927936ull << 1;
144115188075855872ull << 1;
288230376151711744ull << 1;
576460752303423488ull << 1;
1152921504606846976ull << 1;
2305843009213693952ull << 1;
4611686018427387904ull << 1;
9223372036854775808ull << 1;
