0000;
0000;
-0001;
0001;
-0144;
0144;
-0177;
0177;
-0200;
DummyClass(10, 1): error:
	'Small' literal constant too big
DummyClass(11, 1): error:
	'Small' literal constant too big
DummyClass(12, 1): error:
	'Small' literal constant too big
