int8 a = 0;
int8 b = 0;
int8 c = -1;
int8 d = 1;
int8 e = -100;
int8 f = 100;
int8 g = -127;
int8 h = 127;
int8 i = -128;
DummyClass(10, 9): error:
	'Small' literal constant too big
DummyClass(11, 9): error:
	'Small' literal constant too big
DummyClass(12, 9): error:
	'Small' literal constant too big
