(uint8)(1u) << 1;
(uint8)(2u) << 1;
(uint8)(4u) << 1;
(uint8)(8u) << 1;
(uint8)(16u) << 1;
(uint8)(32u) << 1;
(uint8)(64u) << 1;
(uint8)(128u) << 1;
