int16 a = (int16)(0);
int16 b = (int16)(-128);
int16 c = (int16)(127);
int16 d = -129;
int16 e = 128;
int16 aa = -32768;
int16 bb = 32767;
int16 cc = (int16)(-32769);
int16 ff = (int16)(32768);
int16 f = (int16)(0.0f);
int16 g = (int16)(0.0);
int16 h = (int16)(0u);
int16 i = 128u;
int16 ii = (int16)(32768u);
int16 j = (int16)('a');
int16 k = (int16)(127);
int16 l = (int16)(128);
int16 kk = (int16)(32767);
int16 ll = (int16)(32768);
int16 m = (int16)(false);
int16 n = (int16)(true);
