void _main() {
	int32 a = 3;
	if (a < 5) {
		1;
		'1';
	}
	1.0;
	2.0;
	if (a > 5) {
		3;
		'3';
	}
	3.0;
	4.0;
}

