70 << 4;
70 << 4u;
70 << 4;
70 << 4u;
70 << 4;
70 << 4u;
70 << 4ll;
70 << 4ull;
70 << 4u;
DummyClass(1, 6): error:
	can't apply operator '<<' on types: 
		'Small' and 
		'Bool'
DummyClass(2, 6): error:
	can't apply operator '<<' on types: 
		'Small' and 
		'Bool'
DummyClass(11, 6): error:
	can't apply operator '<<' on types: 
		'Small' and 
		'Float'
DummyClass(12, 6): error:
	can't apply operator '<<' on types: 
		'Small' and 
		'Double'
DummyClass(13, 6): error:
	can't apply operator '<<' on types: 
		'Small' and 
		'Char'
